[html.awaikenthemes.com/weebix/index.html]
[backblue.gif]
[fade.gif]
[index.html]
[html.awaikenthemes.com/weebix/images/favicon.png]
[html.awaikenthemes.com/weebix/css/bootstrap.min.css]
[html.awaikenthemes.com/weebix/css/slicknav.min.css]
[html.awaikenthemes.com/weebix/css/swiper-bundle.min.css]
[html.awaikenthemes.com/weebix/css/all.css]
[html.awaikenthemes.com/weebix/css/animate.css]
[html.awaikenthemes.com/weebix/css/magnific-popup.css]
[html.awaikenthemes.com/weebix/css/custom.css]
[html.awaikenthemes.com/weebix/images/loader.svg]
[html.awaikenthemes.com/weebix/images/logo.svg]
[html.awaikenthemes.com/weebix/index-3.html]
[html.awaikenthemes.com/weebix/index-4.html]
[html.awaikenthemes.com/weebix/index-2.html]
[html.awaikenthemes.com/weebix/about.html]
[html.awaikenthemes.com/weebix/services.html]
[html.awaikenthemes.com/weebix/portfolio.html]
[html.awaikenthemes.com/weebix/blog.html]
[html.awaikenthemes.com/weebix/service-single.html]
[html.awaikenthemes.com/weebix/portfolio-single.html]
[html.awaikenthemes.com/weebix/blog-single.html]
[html.awaikenthemes.com/weebix/faqs.html]
[html.awaikenthemes.com/weebix/404.html]
[html.awaikenthemes.com/weebix/contact-us.html]
[html.awaikenthemes.com/weebix/images/hero-img.jpg]
[html.awaikenthemes.com/weebix/images/about-us-img.jpg]
[html.awaikenthemes.com/weebix/images/about-circle.png]
[html.awaikenthemes.com/weebix/images/arrow.svg]
[html.awaikenthemes.com/weebix/images/service-img-1.jpg]
[html.awaikenthemes.com/weebix/images/service-img-2.jpg]
[html.awaikenthemes.com/weebix/images/service-img-3.jpg]
[html.awaikenthemes.com/weebix/images/service-img-4.jpg]
[html.awaikenthemes.com/weebix/images/service-img-5.jpg]
[html.awaikenthemes.com/weebix/images/service-img-6.jpg]
[html.awaikenthemes.com/weebix/images/works-img-1.jpg]
[html.awaikenthemes.com/weebix/images/works-img-2.jpg]
[html.awaikenthemes.com/weebix/images/works-img-3.jpg]
[html.awaikenthemes.com/weebix/images/works-img-4.jpg]
[html.awaikenthemes.com/weebix/images/icon-whyus-1.svg]
[html.awaikenthemes.com/weebix/images/icon-whyus-2.svg]
[html.awaikenthemes.com/weebix/images/icon-whyus-3.svg]
[html.awaikenthemes.com/weebix/images/icon-whyus-4.svg]
[html.awaikenthemes.com/weebix/images/icon-partners-1.svg]
[html.awaikenthemes.com/weebix/images/icon-partners-2.svg]
[html.awaikenthemes.com/weebix/images/icon-partners-3.svg]
[html.awaikenthemes.com/weebix/images/icon-partners-4.svg]
[html.awaikenthemes.com/weebix/images/icon-star.svg]
[html.awaikenthemes.com/weebix/images/author-1.jpg]
[html.awaikenthemes.com/weebix/images/author-2.jpg]
[html.awaikenthemes.com/weebix/images/author-3.jpg]
[html.awaikenthemes.com/weebix/images/post-1.jpg]
[html.awaikenthemes.com/weebix/images/post-2.jpg]
[html.awaikenthemes.com/weebix/images/post-3.jpg]
[html.awaikenthemes.com/weebix/images/footer-logo.svg]
[html.awaikenthemes.com/weebix/js/jquery-3.7.1.min.js]
[html.awaikenthemes.com/weebix/js/bootstrap.min.js]
[html.awaikenthemes.com/weebix/js/validator.min.js]
[html.awaikenthemes.com/weebix/js/jquery.slicknav.js]
[html.awaikenthemes.com/weebix/js/swiper-bundle.min.js]
[html.awaikenthemes.com/weebix/js/jquery.waypoints.min.js]
[html.awaikenthemes.com/weebix/js/jquery.counterup.min.js]
[html.awaikenthemes.com/weebix/js/isotope.min.js]
[html.awaikenthemes.com/weebix/js/jquery.magnific-popup.min.js]
[html.awaikenthemes.com/weebix/js/SmoothScroll.js]
[html.awaikenthemes.com/weebix/js/gsap.min.js]
[html.awaikenthemes.com/weebix/js/magiccursor.js]
[html.awaikenthemes.com/weebix/js/SplitText.js]
[html.awaikenthemes.com/weebix/js/ScrollTrigger.min.js]
[html.awaikenthemes.com/weebix/js/wow.js]
[html.awaikenthemes.com/weebix/index.html]
[html.awaikenthemes.com/weebix/css/bootstrap.min.css]
[html.awaikenthemes.com/weebix/css/slicknav.min.css]
[html.awaikenthemes.com/weebix/css/swiper-bundle.min.css]
[html.awaikenthemes.com/weebix/js/function.js]
[html.awaikenthemes.com/weebix/webfonts/fa-brands-400.woff2]
[html.awaikenthemes.com/weebix/webfonts/fa-brands-400.ttf]
[html.awaikenthemes.com/weebix/webfonts/fa-regular-400.woff2]
[html.awaikenthemes.com/weebix/webfonts/fa-regular-400.ttf]
[html.awaikenthemes.com/weebix/webfonts/fa-solid-900.woff2]
[html.awaikenthemes.com/weebix/webfonts/fa-solid-900.ttf]
[html.awaikenthemes.com/weebix/webfonts/fa-v4compatibility.woff2]
[html.awaikenthemes.com/weebix/css/all.css]
[html.awaikenthemes.com/weebix/css/animate.css]
[html.awaikenthemes.com/weebix/css/magnific-popup.css]
[html.awaikenthemes.com/weebix/webfonts/fa-v4compatibility.ttf]
[html.awaikenthemes.com/weebix/images/hero-bg.png]
[html.awaikenthemes.com/weebix/images/page-header-bg.png]
[html.awaikenthemes.com/weebix/css/custom.css]
[html.awaikenthemes.com/weebix/images/loader.svg]
[html.awaikenthemes.com/weebix/index-2.html]
[html.awaikenthemes.com/weebix/images/logo.svg]
[html.awaikenthemes.com/weebix/index-3.html]
[html.awaikenthemes.com/weebix/images/icon-blockquote.svg]
[html.awaikenthemes.com/weebix/images/hero-img-2.jpg]
[html.awaikenthemes.com/weebix/index-4.html]
[html.awaikenthemes.com/weebix/images/page-about-1.jpg]
[html.awaikenthemes.com/weebix/images/page-about-2.jpg]
[html.awaikenthemes.com/weebix/images/icon-work-experience.svg]
[html.awaikenthemes.com/weebix/images/team-1.jpg]
[html.awaikenthemes.com/weebix/images/icon-share.svg]
[html.awaikenthemes.com/weebix/images/team-2.jpg]
[html.awaikenthemes.com/weebix/images/team-3.jpg]
[html.awaikenthemes.com/weebix/images/team-4.jpg]
[html.awaikenthemes.com/weebix/about.html]
[html.awaikenthemes.com/weebix/services.html]
[html.awaikenthemes.com/weebix/portfolio.html]
[html.awaikenthemes.com/weebix/images/post-4.jpg]
[html.awaikenthemes.com/weebix/images/post-5.jpg]
[html.awaikenthemes.com/weebix/images/post-7.jpg]
[html.awaikenthemes.com/weebix/images/post-8.jpg]
[html.awaikenthemes.com/weebix/blog.html]
[html.awaikenthemes.com/weebix/images/post-9.jpg]
[html.awaikenthemes.com/weebix/images/service-feature-img.jpg]
[html.awaikenthemes.com/weebix/images/icon-service-list.svg]
[html.awaikenthemes.com/weebix/images/icon-choice-1.svg]
[html.awaikenthemes.com/weebix/images/icon-choice-2.svg]
[html.awaikenthemes.com/weebix/images/icon-choice-3.svg]
[html.awaikenthemes.com/weebix/images/icon-phone.svg]
[html.awaikenthemes.com/weebix/service-single.html]
[html.awaikenthemes.com/weebix/images/icon-mail.svg]
[html.awaikenthemes.com/weebix/images/project-single.jpg]
[html.awaikenthemes.com/weebix/images/icon-date.svg]
[html.awaikenthemes.com/weebix/images/icon-client.svg]
[html.awaikenthemes.com/weebix/images/icon-website.svg]
[html.awaikenthemes.com/weebix/portfolio-single.html]
[html.awaikenthemes.com/weebix/images/icon-location-1.svg]
[html.awaikenthemes.com/weebix/images/post-single.jpg]
[html.awaikenthemes.com/weebix/blog-single.html]
[html.awaikenthemes.com/weebix/faqs.html]
[html.awaikenthemes.com/weebix/images/404-error-img.png]
[html.awaikenthemes.com/weebix/404.html]
[html.awaikenthemes.com/weebix/images/icon-location.svg]
[html.awaikenthemes.com/weebix/images/contact-info-1.jpg]
[html.awaikenthemes.com/weebix/images/contact-info-2.jpg]
[html.awaikenthemes.com/weebix/images/contact-info-3.jpg]
[html.awaikenthemes.com/weebix/contact-us.html]
[html.awaikenthemes.com/weebix/images/arrow.svg]
[html.awaikenthemes.com/weebix/images/icon-whyus-1.svg]
[html.awaikenthemes.com/weebix/images/icon-whyus-2.svg]
[html.awaikenthemes.com/weebix/images/icon-whyus-3.svg]
[html.awaikenthemes.com/weebix/images/icon-whyus-4.svg]
[html.awaikenthemes.com/weebix/images/icon-partners-1.svg]
[html.awaikenthemes.com/weebix/images/icon-partners-2.svg]
[html.awaikenthemes.com/weebix/images/icon-partners-3.svg]
[html.awaikenthemes.com/weebix/images/icon-partners-4.svg]
[html.awaikenthemes.com/weebix/images/icon-star.svg]
[html.awaikenthemes.com/weebix/images/footer-logo.svg]
[html.awaikenthemes.com/weebix/images/icon-blockquote.svg]
[html.awaikenthemes.com/weebix/images/icon-work-experience.svg]
[html.awaikenthemes.com/weebix/images/icon-share.svg]
[html.awaikenthemes.com/weebix/images/icon-service-list.svg]
[html.awaikenthemes.com/weebix/images/icon-choice-1.svg]
[html.awaikenthemes.com/weebix/images/icon-choice-2.svg]
[html.awaikenthemes.com/weebix/images/icon-choice-3.svg]
[html.awaikenthemes.com/weebix/images/icon-phone.svg]
[html.awaikenthemes.com/weebix/images/icon-mail.svg]
[html.awaikenthemes.com/weebix/images/icon-date.svg]
[html.awaikenthemes.com/weebix/images/icon-client.svg]
[html.awaikenthemes.com/weebix/images/icon-website.svg]
[html.awaikenthemes.com/weebix/images/icon-location-1.svg]
[html.awaikenthemes.com/weebix/images/icon-location.svg]
